******************************************************************************
             TMS320C2000 Linker PC v6.2.5                      
******************************************************************************
>> Linked Sun May 17 13:29:02 2020

OUTPUT FILE NAME:   <F28035_INRAM.out>
ENTRY POINT SYMBOL: "_c_int00"  address: 003f01a0


MEMORY CONFIGURATION

         name            origin    length      used     unused   attr    fill
----------------------  --------  ---------  --------  --------  ----  --------
PAGE 0:
  RAML0                 00008000   00000c00  00000004  00000bfc  RWIX
  OTP                   003d7800   00000400  00000000  00000400  RWIX
  USER_BEGIN            003f0000   00000002  00000002  00000000  RWIX
  FLASHD                003f0002   00003ffe  000002d7  00003d27  RWIX
  FLASHA                003f6000   00001f80  00000000  00001f80  RWIX
  CSM_RSVD              003f7f80   00000076  00000000  00000076  RWIX
  BEGIN                 003f7ff6   00000002  00000000  00000002  RWIX
  CSM_PWL_PROG          003f7ff8   00000008  00000000  00000008  RWIX
  IQTABLES              003fe000   00000b50  00000000  00000b50  RWIX
  IQTABLES2             003feb50   0000008c  00000000  0000008c  RWIX
  IQTABLES3             003febdc   000000aa  00000000  000000aa  RWIX
  ROM                   003ff27c   00000d44  00000000  00000d44  RWIX
  RESET                 003fffc0   00000002  00000000  00000002  RWIX
  VECTORS               003fffc2   0000003e  00000000  0000003e  RWIX

PAGE 1:
  BOOT_RSVD             00000000   00000050  00000000  00000050  RWIX
  RAMM0                 00000050   000003b0  00000300  000000b0  RWIX
  RAMM1                 00000400   00000400  00000000  00000400  RWIX
  DEV_EMU               00000880   00000105  00000000  00000105  RWIX
  SYS_PWR_CTL           00000985   00000003  00000003  00000000  RWIX
  FLASH_REGS            00000a80   00000060  00000008  00000058  RWIX
  CSM                   00000ae0   00000010  00000010  00000000  RWIX
  ADC_RESULT            00000b00   00000020  00000000  00000020  RWIX
  CPU_TIMER0            00000c00   00000008  00000000  00000008  RWIX
  CPU_TIMER1            00000c08   00000008  00000000  00000008  RWIX
  CPU_TIMER2            00000c10   00000008  00000000  00000008  RWIX
  PIE_CTRL              00000ce0   00000020  0000001a  00000006  RWIX
  PIE_VECT              00000d00   00000100  00000100  00000000  RWIX
  CLA1                  00001400   00000080  00000000  00000080  RWIX
  ECANA                 00006000   00000040  00000034  0000000c  RWIX
  ECANA_LAM             00006040   00000040  00000040  00000000  RWIX
  ECANA_MOTS            00006080   00000040  00000040  00000000  RWIX
  ECANA_MOTO            000060c0   00000040  00000040  00000000  RWIX
  ECANA_MBOX            00006100   00000100  00000100  00000000  RWIX
  COMP1                 00006400   00000020  00000000  00000020  RWIX
  COMP2                 00006420   00000020  00000000  00000020  RWIX
  COMP3                 00006440   00000020  00000000  00000020  RWIX
  EPWM1                 00006800   00000040  00000000  00000040  RWIX
  EPWM2                 00006840   00000040  00000000  00000040  RWIX
  EPWM3                 00006880   00000040  00000000  00000040  RWIX
  EPWM4                 000068c0   00000040  00000000  00000040  RWIX
  EPWM5                 00006900   00000040  00000000  00000040  RWIX
  EPWM6                 00006940   00000040  00000000  00000040  RWIX
  EPWM7                 00006980   00000040  00000000  00000040  RWIX
  ECAP1                 00006a00   00000020  00000000  00000020  RWIX
  HRCAP1                00006ac0   00000020  00000000  00000020  RWIX
  HRCAP2                00006ae0   00000020  00000000  00000020  RWIX
  EQEP1                 00006b00   00000040  00000000  00000040  RWIX
  LINA                  00006c00   00000080  00000000  00000080  RWIX
  GPIOCTRL              00006f80   00000040  00000040  00000000  RWIX
  GPIODAT               00006fc0   00000020  00000020  00000000  RWIX
  GPIOINT               00006fe0   00000020  0000000c  00000014  RWIX
  SYSTEM                00007010   00000020  00000020  00000000  RWIX
  SPIA                  00007040   00000010  00000000  00000010  RWIX
  SCIA                  00007050   00000010  00000000  00000010  RWIX
  NMIINTRUPT            00007060   00000010  00000000  00000010  RWIX
  XINTRUPT              00007070   00000010  00000000  00000010  RWIX
  ADC                   00007100   00000080  00000000  00000080  RWIX
  SPIB                  00007740   00000010  00000000  00000010  RWIX
  I2CA                  00007900   00000040  00000000  00000040  RWIX
  RAML2                 00008c00   00000400  00000000  00000400  RWIX
  RAML3                 00009000   00001000  00000148  00000eb8  RWIX
  PARTID                003d7e80   00000001  00000000  00000001  RWIX
  FLASHB                003f4000   00002000  00000000  00002000  RWIX
  CSM_PWL               003f7ff8   00000008  00000008  00000000  RWIX


SECTION ALLOCATION MAP

 output                                  attributes/
section   page    origin      length       input sections
--------  ----  ----------  ----------   ----------------
.pinit     0    003f0002    00000000     UNINITIALIZED

codestart 
*          0    003f0000    00000002     
                  003f0000    00000002     DSP2803x_CodeStartBranch.obj (codestart)

.text      0    003f0002    0000029a     
                  003f0002    0000013b     DSP2803x_SysCtrl.obj (.text)
                  003f013d    00000063     main.obj (.text)
                  003f01a0    00000044     rts2800_ml.lib : boot.obj (.text)
                  003f01e4    0000003c     DSP2803x_Gpio.obj (.text)
                  003f0220    00000022     rts2800_ml.lib : i_div.obj (.text)
                  003f0242    00000019                    : args_main.obj (.text)
                  003f025b    00000019                    : exit.obj (.text)
                  003f0274    00000017                    : fs_cmp.obj (.text)
                  003f028b    00000009                    : _lock.obj (.text)
                  003f0294    00000008     DSP2803x_CodeStartBranch.obj (.text)

.cinit     0    003f029c    00000039     
                  003f029c    00000023     Example_Flash2803x_API.obj (.cinit)
                  003f02bf    0000000a     rts2800_ml.lib : _lock.obj (.cinit)
                  003f02c9    0000000a                    : exit.obj (.cinit)
                  003f02d3    00000002     --HOLE-- [fill = 0]

ramfuncs   0    003f02d5    00000004     RUN ADDR = 00008000
                  003f02d5    00000004     DSP2803x_usDelay.obj (ramfuncs)

.reset     0    003fffc0    00000002     DSECT
                  003fffc0    00000002     rts2800_ml.lib : boot.obj (.reset)

vectors    0    003fffc2    00000000     DSECT

.stack     1    00000050    00000300     UNINITIALIZED
                  00000050    00000300     --HOLE--

SysPwrCtrlRegsFile 
*          1    00000985    00000003     UNINITIALIZED
                  00000985    00000003     DSP2803x_GlobalVariableDefs.obj (SysPwrCtrlRegsFile)

FlashRegsFile 
*          1    00000a80    00000008     UNINITIALIZED
                  00000a80    00000008     DSP2803x_GlobalVariableDefs.obj (FlashRegsFile)

CsmRegsFile 
*          1    00000ae0    00000010     UNINITIALIZED
                  00000ae0    00000010     DSP2803x_GlobalVariableDefs.obj (CsmRegsFile)

PieCtrlRegsFile 
*          1    00000ce0    0000001a     UNINITIALIZED
                  00000ce0    0000001a     DSP2803x_GlobalVariableDefs.obj (PieCtrlRegsFile)

PieVectTableFile 
*          1    00000d00    00000100     UNINITIALIZED
                  00000d00    00000100     DSP2803x_GlobalVariableDefs.obj (PieVectTableFile)

EmuKeyVar 
*          1    00000d00    00000001     UNINITIALIZED
                  00000d00    00000001     DSP2803x_GlobalVariableDefs.obj (EmuKeyVar)

EmuBModeVar 
*          1    00000d01    00000000     UNINITIALIZED

FlashCallbackVar 
*          1    00000d02    00000002     UNINITIALIZED
                  00000d02    00000002     DSP2803x_GlobalVariableDefs.obj (FlashCallbackVar)

FlashScalingVar 
*          1    00000d04    00000002     UNINITIALIZED
                  00000d04    00000002     DSP2803x_GlobalVariableDefs.obj (FlashScalingVar)

ECanaRegsFile 
*          1    00006000    00000034     UNINITIALIZED
                  00006000    00000034     DSP2803x_GlobalVariableDefs.obj (ECanaRegsFile)

ECanaLAMRegsFile 
*          1    00006040    00000040     UNINITIALIZED
                  00006040    00000040     DSP2803x_GlobalVariableDefs.obj (ECanaLAMRegsFile)

ECanaMOTSRegsFile 
*          1    00006080    00000040     UNINITIALIZED
                  00006080    00000040     DSP2803x_GlobalVariableDefs.obj (ECanaMOTSRegsFile)

ECanaMOTORegsFile 
*          1    000060c0    00000040     UNINITIALIZED
                  000060c0    00000040     DSP2803x_GlobalVariableDefs.obj (ECanaMOTORegsFile)

ECanaMboxesFile 
*          1    00006100    00000100     UNINITIALIZED
                  00006100    00000100     DSP2803x_GlobalVariableDefs.obj (ECanaMboxesFile)

GpioCtrlRegsFile 
*          1    00006f80    00000040     UNINITIALIZED
                  00006f80    00000040     DSP2803x_GlobalVariableDefs.obj (GpioCtrlRegsFile)

GpioDataRegsFile 
*          1    00006fc0    00000020     UNINITIALIZED
                  00006fc0    00000020     DSP2803x_GlobalVariableDefs.obj (GpioDataRegsFile)

GpioIntRegsFile 
*          1    00006fe0    0000000c     UNINITIALIZED
                  00006fe0    0000000c     DSP2803x_GlobalVariableDefs.obj (GpioIntRegsFile)

SysCtrlRegsFile 
*          1    00007010    00000020     UNINITIALIZED
                  00007010    00000020     DSP2803x_GlobalVariableDefs.obj (SysCtrlRegsFile)

.ebss      1    00009000    00000148     UNINITIALIZED
                  00009000    00000140     Example_Flash2803x_API.obj (.ebss)
                  00009140    00000004     rts2800_ml.lib : _lock.obj (.ebss)
                  00009144    00000004                    : exit.obj (.ebss)

CsmPwlFile 
*          1    003f7ff8    00000008     UNINITIALIZED
                  003f7ff8    00000008     DSP2803x_GlobalVariableDefs.obj (CsmPwlFile)


GLOBAL DATA SYMBOLS: SORTED BY DATA PAGE

address     data page           name
--------    ----------------    ----
00000050       1 (00000040)     __stack

00000985      26 (00000980)     _SysPwrCtrlRegs

00000a80      2a (00000a80)     _FlashRegs

00000ae0      2b (00000ac0)     _CsmRegs

00000ce0      33 (00000cc0)     _PieCtrlRegs

00000d00      34 (00000d00)     _EmuKey
00000d00      34 (00000d00)     _PieVectTable
00000d02      34 (00000d00)     _Flash_CallbackPtr
00000d04      34 (00000d00)     _Flash_CPUScaleFactor

00006000     180 (00006000)     _ECanaRegs

00006040     181 (00006040)     _ECanaLAMRegs

00006080     182 (00006080)     _ECanaMOTSRegs

000060c0     183 (000060c0)     _ECanaMOTORegs

00006100     184 (00006100)     _ECanaMboxes

00006f80     1be (00006f80)     _GpioCtrlRegs

00006fc0     1bf (00006fc0)     _GpioDataRegs
00006fe0     1bf (00006fc0)     _GpioIntRegs

00007010     1c0 (00007000)     _SysCtrlRegs

00009000     240 (00009000)     _MyCallbackCounter
00009002     240 (00009000)     _FlashStatus
00009006     240 (00009000)     _Sector

00009040     241 (00009040)     _Buffer

00009140     245 (00009140)     __unlock
00009142     245 (00009140)     __lock
00009144     245 (00009140)     ___TI_cleanup_ptr
00009146     245 (00009140)     ___TI_dtors_ptr

003f7ff8    fdff (003f7fc0)     _CsmPwl


GLOBAL SYMBOLS: SORTED ALPHABETICALLY BY Name 

address    name
--------   ----
003f0002   .text
003f025b   C$$EXIT
003f0274   FS$$CMP
003f0220   I$$DIV
003f0231   I$$MOD
00009040   _Buffer
003f7ff8   _CsmPwl
00000ae0   _CsmRegs
003f00be   _CsmUnlock
00008000   _DSP28x_usDelay
003f0026   _DisableDog
00006040   _ECanaLAMRegs
000060c0   _ECanaMOTORegs
00006080   _ECanaMOTSRegs
00006100   _ECanaMboxes
00006000   _ECanaRegs
00000d00   _EmuKey
003f0127   _ExtOscSel
003ffebe   _Flash2803x_APIVersion
003ffec1   _Flash2803x_APIVersionHex
003ff9b3   _Flash2803x_Erase
003ff8d2   _Flash2803x_Program
003ffe81   _Flash2803x_ToggleTest
003ffdd5   _Flash2803x_Verify
00000a80   _FlashRegs
00009002   _FlashStatus
00000d04   _Flash_CPUScaleFactor
00000d02   _Flash_CallbackPtr
00006f80   _GpioCtrlRegs
00006fc0   _GpioDataRegs
00006fe0   _GpioIntRegs
003f01e4   _InitGpio
003f013d   _InitLED
003f0082   _InitPeripheralClocks
003f002e   _InitPll
003f0002   _InitSysCtrl
003f00ef   _IntOsc1Sel
003f00ff   _IntOsc2Sel
003f018e   _JumpToApp
00009000   _MyCallbackCounter
00000ce0   _PieCtrlRegs
00000d00   _PieVectTable
003f02d9   _RamfuncsLoadEnd
003f02d5   _RamfuncsLoadStart
00008000   _RamfuncsRunStart
00009006   _Sector
003f001c   _ServiceDog
00007010   _SysCtrlRegs
00000985   _SysPwrCtrlRegs
003f0113   _XtalOscSel
00000350   __STACK_END
00000300   __STACK_SIZE
00000001   __TI_args_main
00009144   ___TI_cleanup_ptr
00009146   ___TI_dtors_ptr
ffffffff   ___binit__
ffffffff   ___c_args__
003f029c   ___cinit__
003f029c   ___etext__
ffffffff   ___pinit__
003f0002   ___text__
003f0242   __args_main
00009142   __lock
003f0293   __nop
003f028f   __register_lock
003f028b   __register_unlock
00000050   __stack
00009140   __unlock
003f025b   _abort
003f014f   _add
003f01a0   _c_int00
003f0195   _delay
003f0163   _div
003f025d   _exit
003f016a   _main
003f015c   _mul
003f0156   _sub
ffffffff   binit
003f029c   cinit
003f0000   code_start
003f029c   etext
ffffffff   pinit


GLOBAL SYMBOLS: SORTED BY Symbol Address 

address    name
--------   ----
00000001   __TI_args_main
00000050   __stack
00000300   __STACK_SIZE
00000350   __STACK_END
00000985   _SysPwrCtrlRegs
00000a80   _FlashRegs
00000ae0   _CsmRegs
00000ce0   _PieCtrlRegs
00000d00   _EmuKey
00000d00   _PieVectTable
00000d02   _Flash_CallbackPtr
00000d04   _Flash_CPUScaleFactor
00006000   _ECanaRegs
00006040   _ECanaLAMRegs
00006080   _ECanaMOTSRegs
000060c0   _ECanaMOTORegs
00006100   _ECanaMboxes
00006f80   _GpioCtrlRegs
00006fc0   _GpioDataRegs
00006fe0   _GpioIntRegs
00007010   _SysCtrlRegs
00008000   _DSP28x_usDelay
00008000   _RamfuncsRunStart
00009000   _MyCallbackCounter
00009002   _FlashStatus
00009006   _Sector
00009040   _Buffer
00009140   __unlock
00009142   __lock
00009144   ___TI_cleanup_ptr
00009146   ___TI_dtors_ptr
003f0000   code_start
003f0002   .text
003f0002   _InitSysCtrl
003f0002   ___text__
003f001c   _ServiceDog
003f0026   _DisableDog
003f002e   _InitPll
003f0082   _InitPeripheralClocks
003f00be   _CsmUnlock
003f00ef   _IntOsc1Sel
003f00ff   _IntOsc2Sel
003f0113   _XtalOscSel
003f0127   _ExtOscSel
003f013d   _InitLED
003f014f   _add
003f0156   _sub
003f015c   _mul
003f0163   _div
003f016a   _main
003f018e   _JumpToApp
003f0195   _delay
003f01a0   _c_int00
003f01e4   _InitGpio
003f0220   I$$DIV
003f0231   I$$MOD
003f0242   __args_main
003f025b   C$$EXIT
003f025b   _abort
003f025d   _exit
003f0274   FS$$CMP
003f028b   __register_unlock
003f028f   __register_lock
003f0293   __nop
003f029c   ___cinit__
003f029c   ___etext__
003f029c   cinit
003f029c   etext
003f02d5   _RamfuncsLoadStart
003f02d9   _RamfuncsLoadEnd
003f7ff8   _CsmPwl
003ff8d2   _Flash2803x_Program
003ff9b3   _Flash2803x_Erase
003ffdd5   _Flash2803x_Verify
003ffe81   _Flash2803x_ToggleTest
003ffebe   _Flash2803x_APIVersion
003ffec1   _Flash2803x_APIVersionHex
ffffffff   ___binit__
ffffffff   ___c_args__
ffffffff   ___pinit__
ffffffff   binit
ffffffff   pinit

[82 symbols]
